========================================
  Grape Crash Log
  Time: 2026-08-14 08:04:41
========================================

Reason: Unhandled SEH exception

Exception: EXCEPTION_ACCESS_VIOLATION (0xc0000005)
Address:   0x7ffb4f4cc097
Access:    READ at 0x0

Registers:
  RAX=0  RBX=258afa43dc0  RCX=1  RDX=258a0511b00
  RSI=25817ad4940  RDI=258b648a0e0  RSP=da9a9ed940  RBP=da9a9ed9c0
  R8 =20  R9 =0  R10=2  R11=1851eb851eb852
  R12=da9a9eed48  R13=1  R14=258b648a0e0  R15=da9a9eed5c
  RIP=7ffb4f4cc097

Stack Trace:
  #0  0x7ffb4f4cc097  okhx.grape.dll!?
  #1  0x25819010e09  <unknown module>!?
  #2  0x320000000c8  GeometryDash.exe!?
  #3  0x1  GeometryDash.exe!?

========================================
  End of crash log
========================================
